schema major 1

envelope Event: v:int, seq:int, type:string, session?:string, turn?:string, time:time, payload?:raw

ant.spawned: id:string, card:string
colony.arbitration.closed: subject:string, decision:string, for:int, against:int, decided_by:string
colony.arbitration.opened: subject:string, members?:[]string, stakes:string
colony.fanout.approved: task:string, subtasks:int, independence_by:string, workload:string, specialist?:string, projected:int, remaining:int
colony.fanout.refused: task:string, failed:string, reason?:string
colony.progress: ant:string, task:string, tokens?:int, note?:string
colony.question.unresolved: tasks?:[]string
colony.throttle: reason:string, tasks?:[]string
colony.worker.blocked: ant:string, task:string, question:string
colony.worker.finished: ant:string, task:string, ok:bool
colony.worker.woke: ant:string, task:string, tier?:string, file?:string
colony.worktree.conflict: tasks?:[]string
error: code:string, message:string, retryable:bool, ant?:string, cause?:string
hello: schema:int, cursor:int, server:string
ledger.turn: turn:string, model:string, input:int, output:int, cache_read:int, cache_write:int, cost_usd:float, cache_rate:float
log: level:string, text:string
memory.folded: namespace:string, merged:int, reflections:int, archived:int, candidates:int
part.text.delta: part:int, text:string
part.text.end: part:int
part.thinking.delta: part:int, text:string
part.thinking.end: part:int, duration_ms:int
part.tool.end: part:int, call:string, tool:string, ok:bool, display:string, spilled?:string
part.tool.progress: part:int, call:string, text:string
part.tool.start: part:int, call:string, tool:string, input:string
permission.requested: id:string, call:string, tool:string, consequence:{kind:string, content:string}, suggestions?:[]string, mode?:string, reason?:string
permission.resolved: id:string, behavior:string, stage:string, rule?:string, kind?:string, reason?:string
route.decided: task:string, ant:string, why:string
session.created: id:string, title?:string, parent?:string, root:string
session.forked: id:string, parent:string, at_turn:string
session.updated: id:string, title?:string
turn.finished: id:string, reason:string, error?:string
turn.started: id:string, ant:string, prompt:string
