schema major 1

envelope Event: v:int, seq:int, type:string, session?:string, turn?:string, time:time, payload?:raw

ant.spawned: id:string, card:string
error: code:string, text:string
hello: schema:int, cursor:int, server:string
ledger.turn: turn:string, model:string, input:int, output:int, cache_read:int, cache_write:int, cost_usd:float, cache_rate:float
log: level:string, text:string
memory.folded: namespace:string, merged:int, archived:int
part.text.delta: part:int, text:string
part.text.end: part:int
part.thinking.delta: part:int, text:string
part.thinking.end: part:int, duration_ms:int
part.tool.end: part:int, call:string, tool:string, ok:bool, display:string, spilled?:string
part.tool.progress: part:int, call:string, text:string
part.tool.start: part:int, call:string, tool:string, input:string
permission.requested: id:string, call:string, tool:string, consequence:{kind:string, content:string}, suggestions?:[]string
permission.resolved: id:string, behavior:string, stage:string, rule?:string, reason?:string
route.decided: task:string, ant:string, why:string
session.created: id:string, title?:string, parent?:string, root:string
session.forked: id:string, parent:string, at_turn:string
session.updated: id:string, title?:string
turn.finished: id:string, reason:string, error?:string
turn.started: id:string, ant:string, prompt:string
